// Jest Snapshot v1, https://goo.gl/fbAQLP

exports[`Navbar rendering Navbar rendering 1`] = `
<div
  className="section"
>
  <label
    htmlFor="category"
  >
    <select
      className="button"
      name="category"
      onChange={[Function]}
      placeholder="Category"
      type="text"
      value="Select Continent"
    >
      <option
        value="Select Continent"
      >
        SELECT YOUR CONTINENT
      </option>
      <option
        value="All"
      >
        SHOW ALL
      </option>
      <option
        value="Africa"
      >
        AFRICA
      </option>
      <option
        value="Asia"
      >
        ASIA
      </option>
      <option
        value="Antarctica"
      >
        ANTARCTICA
      </option>
      <option
        value="Europe"
      >
        EUROPE
      </option>
      <option
        value="Oceania"
      >
        OCEANIA
      </option>
      <option
        value="North America"
      >
        NORTH AMERICA
      </option>
      <option
        value="South America"
      >
        SOUTH AMERICA
      </option>
    </select>
  </label>
  <ul
    className="list"
  >
    <li
      className="lists"
    >
      <img
        alt="countries"
        src="/Images/Europe.svg"
      />
      <div
        className="position"
      >
        <h2
          className="title-name"
        >
          Europe
        </h2>
        <a
          href="/Europe"
          onClick={[Function]}
        >
          <svg
            className="btn"
            fill="currentColor"
            height="1em"
            onClick={[Function]}
            stroke="currentColor"
            strokeWidth="0"
            style={
              Object {
                "color": undefined,
              }
            }
            viewBox="0 0 16 16"
            width="1em"
            xmlns="http://www.w3.org/2000/svg"
          >
            <path
              d="M0 14a2 2 0 0 0 2 2h12a2 2 0 0 0 2-2V2a2 2 0 0 0-2-2H2a2 2 0 0 0-2 2v12zm4.5-6.5h5.793L8.146 5.354a.5.5 0 1 1 .708-.708l3 3a.5.5 0 0 1 0 .708l-3 3a.5.5 0 0 1-.708-.708L10.293 8.5H4.5a.5.5 0 0 1 0-1z"
            />
          </svg>
        </a>
      </div>
    </li>
    <li
      className="lists"
    >
      <img
        alt="countries"
        src="/Images/Africa.svg"
      />
      <div
        className="position"
      >
        <h2
          className="title-name"
        >
          Africa
        </h2>
        <a
          href="/Africa"
          onClick={[Function]}
        >
          <svg
            className="btn"
            fill="currentColor"
            height="1em"
            onClick={[Function]}
            stroke="currentColor"
            strokeWidth="0"
            style={
              Object {
                "color": undefined,
              }
            }
            viewBox="0 0 16 16"
            width="1em"
            xmlns="http://www.w3.org/2000/svg"
          >
            <path
              d="M0 14a2 2 0 0 0 2 2h12a2 2 0 0 0 2-2V2a2 2 0 0 0-2-2H2a2 2 0 0 0-2 2v12zm4.5-6.5h5.793L8.146 5.354a.5.5 0 1 1 .708-.708l3 3a.5.5 0 0 1 0 .708l-3 3a.5.5 0 0 1-.708-.708L10.293 8.5H4.5a.5.5 0 0 1 0-1z"
            />
          </svg>
        </a>
      </div>
    </li>
    <li
      className="lists"
    >
      <img
        alt="countries"
        src="/Images/Antartica.svg"
      />
      <div
        className="position"
      >
        <h2
          className="title-name"
        >
          Antartica
        </h2>
        <a
          href="/Antartica"
          onClick={[Function]}
        >
          <svg
            className="btn"
            fill="currentColor"
            height="1em"
            onClick={[Function]}
            stroke="currentColor"
            strokeWidth="0"
            style={
              Object {
                "color": undefined,
              }
            }
            viewBox="0 0 16 16"
            width="1em"
            xmlns="http://www.w3.org/2000/svg"
          >
            <path
              d="M0 14a2 2 0 0 0 2 2h12a2 2 0 0 0 2-2V2a2 2 0 0 0-2-2H2a2 2 0 0 0-2 2v12zm4.5-6.5h5.793L8.146 5.354a.5.5 0 1 1 .708-.708l3 3a.5.5 0 0 1 0 .708l-3 3a.5.5 0 0 1-.708-.708L10.293 8.5H4.5a.5.5 0 0 1 0-1z"
            />
          </svg>
        </a>
      </div>
    </li>
    <li
      className="lists"
    >
      <img
        alt="countries"
        src="/Images/Asia.svg"
      />
      <div
        className="position"
      >
        <h2
          className="title-name"
        >
          Asia
        </h2>
        <a
          href="/Asia"
          onClick={[Function]}
        >
          <svg
            className="btn"
            fill="currentColor"
            height="1em"
            onClick={[Function]}
            stroke="currentColor"
            strokeWidth="0"
            style={
              Object {
                "color": undefined,
              }
            }
            viewBox="0 0 16 16"
            width="1em"
            xmlns="http://www.w3.org/2000/svg"
          >
            <path
              d="M0 14a2 2 0 0 0 2 2h12a2 2 0 0 0 2-2V2a2 2 0 0 0-2-2H2a2 2 0 0 0-2 2v12zm4.5-6.5h5.793L8.146 5.354a.5.5 0 1 1 .708-.708l3 3a.5.5 0 0 1 0 .708l-3 3a.5.5 0 0 1-.708-.708L10.293 8.5H4.5a.5.5 0 0 1 0-1z"
            />
          </svg>
        </a>
      </div>
    </li>
    <li
      className="lists"
    >
      <img
        alt="countries"
        src="/Images/North-America.svg"
      />
      <div
        className="position"
      >
        <h2
          className="title-name"
        >
          North America
        </h2>
        <a
          href="/North America"
          onClick={[Function]}
        >
          <svg
            className="btn"
            fill="currentColor"
            height="1em"
            onClick={[Function]}
            stroke="currentColor"
            strokeWidth="0"
            style={
              Object {
                "color": undefined,
              }
            }
            viewBox="0 0 16 16"
            width="1em"
            xmlns="http://www.w3.org/2000/svg"
          >
            <path
              d="M0 14a2 2 0 0 0 2 2h12a2 2 0 0 0 2-2V2a2 2 0 0 0-2-2H2a2 2 0 0 0-2 2v12zm4.5-6.5h5.793L8.146 5.354a.5.5 0 1 1 .708-.708l3 3a.5.5 0 0 1 0 .708l-3 3a.5.5 0 0 1-.708-.708L10.293 8.5H4.5a.5.5 0 0 1 0-1z"
            />
          </svg>
        </a>
      </div>
    </li>
    <li
      className="lists"
    >
      <img
        alt="countries"
        src="/Images/Oceania.svg"
      />
      <div
        className="position"
      >
        <h2
          className="title-name"
        >
          Oceania
        </h2>
        <a
          href="/Oceania"
          onClick={[Function]}
        >
          <svg
            className="btn"
            fill="currentColor"
            height="1em"
            onClick={[Function]}
            stroke="currentColor"
            strokeWidth="0"
            style={
              Object {
                "color": undefined,
              }
            }
            viewBox="0 0 16 16"
            width="1em"
            xmlns="http://www.w3.org/2000/svg"
          >
            <path
              d="M0 14a2 2 0 0 0 2 2h12a2 2 0 0 0 2-2V2a2 2 0 0 0-2-2H2a2 2 0 0 0-2 2v12zm4.5-6.5h5.793L8.146 5.354a.5.5 0 1 1 .708-.708l3 3a.5.5 0 0 1 0 .708l-3 3a.5.5 0 0 1-.708-.708L10.293 8.5H4.5a.5.5 0 0 1 0-1z"
            />
          </svg>
        </a>
      </div>
    </li>
    <li
      className="lists"
    >
      <img
        alt="countries"
        src="/Images/South-America.svg"
      />
      <div
        className="position"
      >
        <h2
          className="title-name"
        >
          South America
        </h2>
        <a
          href="/South America"
          onClick={[Function]}
        >
          <svg
            className="btn"
            fill="currentColor"
            height="1em"
            onClick={[Function]}
            stroke="currentColor"
            strokeWidth="0"
            style={
              Object {
                "color": undefined,
              }
            }
            viewBox="0 0 16 16"
            width="1em"
            xmlns="http://www.w3.org/2000/svg"
          >
            <path
              d="M0 14a2 2 0 0 0 2 2h12a2 2 0 0 0 2-2V2a2 2 0 0 0-2-2H2a2 2 0 0 0-2 2v12zm4.5-6.5h5.793L8.146 5.354a.5.5 0 1 1 .708-.708l3 3a.5.5 0 0 1 0 .708l-3 3a.5.5 0 0 1-.708-.708L10.293 8.5H4.5a.5.5 0 0 1 0-1z"
            />
          </svg>
        </a>
      </div>
    </li>
  </ul>
</div>
`;
